[frenzie.framer.website/index.html]
[backblue.gif]
[fade.gif]
[index.html]
[framerusercontent.com/sites/icons/default-favicon-light.v1.png]
[framerusercontent.com/sites/icons/default-favicon-dark.v1.png]
[framerusercontent.com/sites/icons/default-touch-icon.v3.png]
[framerusercontent.com/images/RWpC8ibFsRzM4qdzF1STU3p3k480f.png]
[frenzie.framer.website/products.html]
[frenzie.framer.website/about.html]
[frenzie.framer.website/contact.html]
[framerusercontent.com/images/iTZikDx9cr3n7nwnhbm1yuZEwcfde.png]
[framerusercontent.com/images/hFgMwvE9WOXAxXifZeMCm3c490ee.png]
[framerusercontent.com/images/kRbFRmdW52p7LJBah6QVJeM4an490ee.png]
[framerusercontent.com/images/GJVoZBrjsgUtd7eITvASqcQL4490ee.png]
[framerusercontent.com/images/wO1UVYENYdrwYUOL2ZmIoJBfnZc90ee.png]
[framerusercontent.com/images/y2dPW3u415g9cekf8gRX78M15Q90ee.png]
[framerusercontent.com/images/oUqsH9ldu95FlhfhNFAaHwYBHsb07d.png]
[framerusercontent.com/images/wgyRMU7UZG1lls3uoz1BsIUgkke185.png]
[framerusercontent.com/images/ZStLlzck4fOQG0t04efB8i6Stoe185.png]
[framerusercontent.com/images/h6BqkcfcDT56D0kKBI5VuePI34e185.png]
[framerusercontent.com/images/Ta9hLFBD1z0vHQQSqOfYHRON9zwe185.png]
[framerusercontent.com/images/etVftPhFUsPTisS8CdTlB6xjY1E90ee.png]
[framerusercontent.com/images/irK061lfxvYfid2AbunFq5Y6lg90ee.png]
[framerusercontent.com/images/SGBVIFTe6n5zG9HAcPULzhRLXW490ee.png]
[frenzie.framer.website/index.html]
[frenzie.framer.website/products.html]
[ga.jspm.io/npm_es-module-shims@1.6.3/dist/es-module-shims.js]
[framerusercontent.com/modules/eVMIBCdt1OymgYXBJHud/QEGKerZRH7qCkQ66ZVzF/augiA20Il.js]
[framerusercontent.com/modules/BMnCoCrMLSJVQAa9qmBu/PvEovbPOSilGTpTIV1Xe/TncfVnnsi.js]
[framerusercontent.com/modules/34dM71UWWKJjsGFMHseQ/Le3qzaww6ZMVEqlRYxSa/qIcm31dlO.js]
[framerusercontent.com/modules/YeEDH0Xzyv1219Qjg0Mb/pUqRWs6s54PoQBMw2sgb/VttzUvtEz.js]
[framerusercontent.com/modules/xgARcrbmNTtUUduohRGz/O3SbE0UmYrOhkKz7K8Gb/snippets.js]
[frenzie.framer.website/about.html]
[framerusercontent.com/images/pjUDZHj89XbUZGgdKpDFYaDx7ZA887a.png]
[frenzie.framer.website/contact.html]
